// Jest Snapshot v1, https://goo.gl/fbAQLP

exports[`SignUp Screen should match snapshot 1`] = `
<RCTScrollView
  contentContainerStyle={
    {
      "flexGrow": 1,
    }
  }
  keyboardShouldPersistTaps="always"
>
  <View>
    <View
      style={
        {
          "backgroundColor": "#ffffff",
          "flex": 1,
        }
      }
    >
      <View
        style={
          {
            "flex": 0.8,
            "padding": 10,
          }
        }
      >
        <View>
          <Text
            style={
              {
                "alignSelf": "center",
                "fontFamily": "Nunito-Bold",
                "fontSize": 54,
                "fontWeight": "900",
              }
            }
          >
            Basket
          </Text>
        </View>
        <Text
          style={
            {
              "alignSelf": "center",
              "fontFamily": "Nunito-Bold",
              "fontSize": 24,
              "fontWeight": "900",
              "marginTop": 30,
            }
          }
        >
          Create an Account
        </Text>
        <Text
          style={
            {
              "alignSelf": "center",
              "color": "#999999",
              "fontFamily": "Nunito-Regular",
              "fontSize": 14,
              "fontWeight": "600",
              "lineHeight": 35,
            }
          }
        >
          Please type your information
        </Text>
        <View
          style={
            [
              {
                "alignSelf": "center",
                "backgroundColor": "#F4F4F4",
                "borderRadius": 5,
                "marginVertical": 10,
                "padding": 5,
                "width": "90%",
              },
              undefined,
            ]
          }
        >
          <TextInput
            keyboardType="default"
            onChangeText={[Function]}
            placeholder="Full name"
            placeholderTextColor="#000000"
            style={
              {
                "color": "#000000",
                "fontFamily": "Nunito-Bold",
                "fontSize": 14,
                "fontWeight": "900",
                "padding": 15,
              }
            }
            value=""
          />
        </View>
        <View
          style={
            [
              {
                "alignSelf": "center",
                "backgroundColor": "#F4F4F4",
                "borderRadius": 5,
                "marginVertical": 10,
                "padding": 5,
                "width": "90%",
              },
              undefined,
            ]
          }
        >
          <TextInput
            keyboardType="default"
            onChangeText={[Function]}
            placeholder="Email address"
            placeholderTextColor="#000000"
            style={
              {
                "color": "#000000",
                "fontFamily": "Nunito-Bold",
                "fontSize": 14,
                "fontWeight": "900",
                "padding": 15,
              }
            }
            value=""
          />
        </View>
        <View
          style={
            [
              {
                "alignSelf": "center",
                "backgroundColor": "#F4F4F4",
                "borderRadius": 5,
                "marginVertical": 10,
                "padding": 5,
                "width": "90%",
              },
              undefined,
            ]
          }
        >
          <TextInput
            keyboardType="default"
            onChangeText={[Function]}
            placeholder="Password"
            placeholderTextColor="#000000"
            style={
              {
                "color": "#000000",
                "fontFamily": "Nunito-Bold",
                "fontSize": 14,
                "fontWeight": "900",
                "padding": 15,
              }
            }
            value=""
          />
        </View>
        <View
          style={
            {
              "alignSelf": "center",
              "flexDirection": "row",
              "justifyContent": "space-between",
              "width": "90%",
            }
          }
        >
          <View
            style={
              {
                "alignSelf": "center",
                "backgroundColor": "#F4F4F4",
                "padding": 20,
              }
            }
          >
            <View
              style={
                [
                  {
                    "alignItems": "center",
                    "flexDirection": "row",
                    "justifyContent": "center",
                  },
                  undefined,
                ]
              }
            >
              <View
                accessibilityLabel="United States"
                accessibilityRole="imagebutton"
                accessibilityState={
                  {
                    "busy": undefined,
                    "checked": undefined,
                    "disabled": undefined,
                    "expanded": undefined,
                    "selected": undefined,
                  }
                }
                accessibilityValue={
                  {
                    "max": undefined,
                    "min": undefined,
                    "now": undefined,
                    "text": undefined,
                  }
                }
                accessible={true}
                collapsable={false}
                focusable={true}
                onClick={[Function]}
                onResponderGrant={[Function]}
                onResponderMove={[Function]}
                onResponderRelease={[Function]}
                onResponderTerminate={[Function]}
                onResponderTerminationRequest={[Function]}
                onStartShouldSetResponder={[Function]}
                style={
                  {
                    "opacity": 1,
                  }
                }
              >
                <Image
                  accessibilityIgnoresInvertColors={true}
                  source={
                    {
                      "testUri": "../../react-native-phone-input/dist/resources/flags/images/us.png",
                    }
                  }
                  style={
                    [
                      {
                        "backgroundColor": "#cecece",
                        "borderColor": "#cecece",
                        "borderRadius": 2,
                        "borderWidth": 0.5,
                        "height": 20,
                        "width": 30,
                      },
                      undefined,
                    ]
                  }
                />
              </View>
              <View
                style={
                  {
                    "flex": 1,
                    "marginLeft": 10,
                  }
                }
              >
                <TextInput
                  accessibilityLabel="Telephone input"
                  autoCorrect={false}
                  editable={true}
                  keyboardType="phone-pad"
                  onChangeText={[Function]}
                  placeholder="Enter a phone number..."
                  style={
                    [
                      {
                        "height": 20,
                        "justifyContent": "center",
                        "padding": 0,
                      },
                      undefined,
                    ]
                  }
                  underlineColorAndroid="rgba(0,0,0,0)"
                  value="+13178675309"
                />
              </View>
            </View>
          </View>
          <View
            style={
              [
                {
                  "alignSelf": "center",
                  "backgroundColor": "#F4F4F4",
                  "borderRadius": 5,
                  "marginVertical": 10,
                  "padding": 5,
                  "width": "90%",
                },
                undefined,
              ]
            }
          >
            <TextInput
              keyboardType="phone-pad"
              onChangeText={[Function]}
              placeholder="000-00-0000"
              placeholderTextColor="#000000"
              style={
                {
                  "color": "#000000",
                  "fontFamily": "Nunito-Bold",
                  "fontSize": 14,
                  "fontWeight": "900",
                  "padding": 15,
                }
              }
              value=""
            />
          </View>
        </View>
        <View
          style={
            {
              "alignSelf": "center",
              "flexDirection": "row",
              "justifyContent": "space-between",
              "marginVertical": 20,
              "width": "90%",
            }
          }
        >
          <View
            accessibilityRole="checkbox"
            accessibilityState={
              {
                "checked": false,
                "disabled": false,
              }
            }
            accessibilityValue={
              {
                "text": "off",
              }
            }
            accessible={true}
            pointerEvents="auto"
          >
            <RNCCheckbox
              forwardedRef={null}
              onValueChange={[Function]}
              style={
                [
                  {
                    "backgroundColor": "transparent",
                    "height": 32,
                    "width": 32,
                  },
                  undefined,
                ]
              }
              value={false}
            />
          </View>
          <Text
            style={
              {
                "alignSelf": "center",
                "color": "#999999",
                "fontFamily": "Nunito-Regular",
              }
            }
          >
            By joining, I agree to receive emails from Geeta.
          </Text>
        </View>
        <View>
          <View
            accessibilityState={
              {
                "busy": undefined,
                "checked": undefined,
                "disabled": undefined,
                "expanded": undefined,
                "selected": undefined,
              }
            }
            accessibilityValue={
              {
                "max": undefined,
                "min": undefined,
                "now": undefined,
                "text": undefined,
              }
            }
            accessible={true}
            collapsable={false}
            focusable={true}
            onClick={[Function]}
            onResponderGrant={[Function]}
            onResponderMove={[Function]}
            onResponderRelease={[Function]}
            onResponderTerminate={[Function]}
            onResponderTerminationRequest={[Function]}
            onStartShouldSetResponder={[Function]}
            style={
              {
                "alignItems": "center",
                "alignSelf": "center",
                "backgroundColor": "#2F2E41",
                "borderRadius": 10,
                "opacity": 1,
                "padding": 10,
                "width": "80%",
              }
            }
          >
            <Text
              style={
                {
                  "alignSelf": "center",
                  "color": "#FFFFFF",
                  "fontFamily": "Nunito-Bold",
                  "fontSize": 24,
                  "fontWeight": "900",
                  "lineHeight": 45,
                }
              }
            >
              Create Account
            </Text>
          </View>
        </View>
      </View>
      <View
        style={
          {
            "flex": 0.2,
            "justifyContent": "space-between",
          }
        }
      >
        <View
          style={
            {
              "alignSelf": "center",
              "flexDirection": "row",
            }
          }
        >
          <Text
            style={
              {
                "alignSelf": "center",
                "color": "#999999",
                "fontFamily": "Nunito-Regular",
                "fontSize": 14,
                "fontWeight": "600",
              }
            }
          >
            Already have an account?
             
          </Text>
          <Text
            onPress={[Function]}
            style={
              {
                "fontFamily": "Nunito-SemiBold",
                "fontSize": 14,
              }
            }
          >
            Sign In
          </Text>
        </View>
      </View>
    </View>
  </View>
</RCTScrollView>
`;
